<html>  <head>  <link rel="apple-touch-icon" sizes="57x57" href="/yet/another/path/apple-touch-icon-57x57.png">
<link rel="apple-touch-icon" sizes="60x60" href="/yet/another/path/apple-touch-icon-60x60.png">
<link rel="apple-touch-icon" sizes="72x72" href="/yet/another/path/apple-touch-icon-72x72.png">
<link rel="apple-touch-icon" sizes="76x76" href="/yet/another/path/apple-touch-icon-76x76.png">
<link rel="apple-touch-icon" sizes="114x114" href="/yet/another/path/apple-touch-icon-114x114.png">
<link rel="apple-touch-icon" sizes="120x120" href="/yet/another/path/apple-touch-icon-120x120.png">
<link rel="apple-touch-icon" sizes="144x144" href="/yet/another/path/apple-touch-icon-144x144.png">
<link rel="apple-touch-icon" sizes="152x152" href="/yet/another/path/apple-touch-icon-152x152.png">
<link rel="apple-touch-icon" sizes="180x180" href="/yet/another/path/apple-touch-icon-180x180.png">
<meta name="msapplication-TileColor" content="#aabbcc">
<meta name="msapplication-TileImage" content="/yet/another/path/mstile-144x144.png">
<meta name="msapplication-config" content="/yet/another/path/browserconfig.xml"></head>  <body>    <h1>Page 2</h1>    <p>Some content here</p>  </body></html>