<?xml version="1.0" encoding="utf-8"?>
<browserconfig>
  <msapplication>
    <tile>
      <square70x70logo src="/MSTILE-70X70.PNG"/>
      <square150x150logo src="/MSTILE-150X150.PNG"/>
      <square310x310logo src="/MSTILE-310X310.PNG"/>
      <wide310x150logo src="/MSTILE-310X150.PNG"/>
      <TileColor>#123456</TileColor>
    </tile>
  </msapplication>
</browserconfig>
