<html>  <head>  <link rel="apple-touch-icon" sizes="57x57" href="/APPLE-TOUCH-ICON-57X57.PNG">
<link rel="apple-touch-icon" sizes="60x60" href="/APPLE-TOUCH-ICON-60X60.PNG">
<link rel="apple-touch-icon" sizes="72x72" href="/APPLE-TOUCH-ICON-72X72.PNG">
<link rel="apple-touch-icon" sizes="76x76" href="/APPLE-TOUCH-ICON-76X76.PNG">
<link rel="apple-touch-icon" sizes="114x114" href="/APPLE-TOUCH-ICON-114X114.PNG">
<link rel="apple-touch-icon" sizes="120x120" href="/APPLE-TOUCH-ICON-120X120.PNG">
<link rel="apple-touch-icon" sizes="144x144" href="/APPLE-TOUCH-ICON-144X144.PNG">
<link rel="apple-touch-icon" sizes="152x152" href="/APPLE-TOUCH-ICON-152X152.PNG">
<link rel="apple-touch-icon" sizes="180x180" href="/APPLE-TOUCH-ICON-180X180.PNG">
<link rel="icon" type="image/png" href="/FAVICON-32X32.PNG" sizes="32x32">
<link rel="icon" type="image/png" href="/FAVICON-230X230.PNG" sizes="230x230">
<link rel="icon" type="image/png" href="/COAST-228X228.PNG" sizes="228x228">
<link rel="icon" type="image/png" href="/FAVICON-16X16.PNG" sizes="16x16">
<link rel="shortcut icon" href="/FAVICON.ICO">
<link rel="yandex-tableau-widget" href="/YANDEX-BROWSER-MANIFEST.JSON">
<meta property="og:image" content="http://example.com/OPEN-GRAPH.PNG">
<meta name="msapplication-TileColor" content="#123456">
<meta name="msapplication-TileImage" content="/MSTILE-144X144.PNG">
<meta name="msapplication-config" content="/BROWSERCONFIG.XML"></head>  <body>    <h1>Page 2</h1>    <p>Some content here</p>  </body></html>